Welcome to Ubuntu 16.04.2 LTS (GNU/Linux 4.8.0-36-generic x86_64)

 * Documentation:  https://help.ubuntu.com
 * Management:     https://landscape.canonical.com
 * Support:        https://ubuntu.com/advantage

678 个可升级软件包。
0 个安全更新。

New release '18.04.2 LTS' available.
Run 'do-release-upgrade' to upgrade to it.

Last login: Tue Oct 15 10:12:15 2019 from 192.168.0.1
    if [ ! -z "" ]; then
        echo 'ssssss='
        kill -9 
    fi
    exit
]0;smartai@LTSR005: ~smartai@LTSR005:~$     if [ ! -z "" ]; then
>         echo 'ssssss='
>         kill -9 
>     fi
]0;smartai@LTSR005: ~smartai@LTSR005:~$     exit
注销
Welcome to Ubuntu 16.04.2 LTS (GNU/Linux 4.8.0-36-generic x86_64)

 * Documentation:  https://help.ubuntu.com
 * Management:     https://landscape.canonical.com
 * Support:        https://ubuntu.com/advantage

678 个可升级软件包。
454 个安全更新。

New release '18.04.2 LTS' available.
Run 'do-release-upgrade' to upgrade to it.

Last login: Tue Oct 15 10:12:16 2019 from 192.168.0.1
    if [ ! -z "1623
" ]; then
        echo 'ssssss=1623
'
        kill -9 1623

    fi
    exit
]0;smartai@LTSR006: ~smartai@LTSR006:~$     if [ ! -z "1623
> " ]; then
>         echo 'ssssss=1623
> '
>         kill -9 1623
> 
>     fi
ssssss=1623

]0;smartai@LTSR006: ~smartai@LTSR006:~$     exit
注销
Welcome to Ubuntu 16.04.2 LTS (GNU/Linux 4.8.0-36-generic x86_64)

 * Documentation:  https://help.ubuntu.com
 * Management:     https://landscape.canonical.com
 * Support:        https://ubuntu.com/advantage

678 个可升级软件包。
454 个安全更新。

New release '18.04.2 LTS' available.
Run 'do-release-upgrade' to upgrade to it.

Last login: Tue Oct 15 10:12:17 2019 from 192.168.0.1
    if [ ! -z "1613
" ]; then
        echo 'ssssss=1613
'
        kill -9 1613

    fi
    exit
]0;smartai@LTSR007: ~smartai@LTSR007:~$     if [ ! -z "1613
> " ]; then
>         echo 'ssssss=1613
> '
>         kill -9 1613
> 
>     fi
ssssss=1613

]0;smartai@LTSR007: ~smartai@LTSR007:~$     exit
注销
Welcome to Ubuntu 16.04.2 LTS (GNU/Linux 4.8.0-36-generic x86_64)

 * Documentation:  https://help.ubuntu.com
 * Management:     https://landscape.canonical.com
 * Support:        https://ubuntu.com/advantage

678 个可升级软件包。
0 个安全更新。

New release '18.04.2 LTS' available.
Run 'do-release-upgrade' to upgrade to it.

Last login: Tue Oct 15 10:12:18 2019 from 192.168.0.1
    if [ ! -z "" ]; then
        kill -s TERM 
    fi
    exit
]0;smartai@LTSR005: ~smartai@LTSR005:~$     if [ ! -z "" ]; then
>         kill -s TERM 
>     fi
]0;smartai@LTSR005: ~smartai@LTSR005:~$     exit
注销
Welcome to Ubuntu 16.04.2 LTS (GNU/Linux 4.8.0-36-generic x86_64)

 * Documentation:  https://help.ubuntu.com
 * Management:     https://landscape.canonical.com
 * Support:        https://ubuntu.com/advantage

678 个可升级软件包。
454 个安全更新。

New release '18.04.2 LTS' available.
Run 'do-release-upgrade' to upgrade to it.

Last login: Tue Oct 15 10:12:19 2019 from 192.168.0.1
    if [ ! -z "" ]; then
        kill -s TERM 
    fi
    exit
]0;smartai@LTSR006: ~smartai@LTSR006:~$     if [ ! -z "" ]; then
>         kill -s TERM 
>     fi
]0;smartai@LTSR006: ~smartai@LTSR006:~$     exit
注销
Welcome to Ubuntu 16.04.2 LTS (GNU/Linux 4.8.0-36-generic x86_64)

 * Documentation:  https://help.ubuntu.com
 * Management:     https://landscape.canonical.com
 * Support:        https://ubuntu.com/advantage

678 个可升级软件包。
454 个安全更新。

New release '18.04.2 LTS' available.
Run 'do-release-upgrade' to upgrade to it.

Last login: Tue Oct 15 10:12:20 2019 from 192.168.0.1
    if [ ! -z "" ]; then
        kill -s TERM 
    fi
    exit
]0;smartai@LTSR007: ~smartai@LTSR007:~$     if [ ! -z "" ]; then
>         kill -s TERM 
>     fi
]0;smartai@LTSR007: ~smartai@LTSR007:~$     exit
注销
Welcome to Ubuntu 16.04.2 LTS (GNU/Linux 4.8.0-36-generic x86_64)

 * Documentation:  https://help.ubuntu.com
 * Management:     https://landscape.canonical.com
 * Support:        https://ubuntu.com/advantage

678 个可升级软件包。
0 个安全更新。

New release '18.04.2 LTS' available.
Run 'do-release-upgrade' to upgrade to it.

Last login: Tue Oct 15 10:21:53 2019 from 192.168.0.1
    if [ ! -z "" ]; then
        kill -9 
    fi
    exit
]0;smartai@LTSR005: ~smartai@LTSR005:~$     if [ ! -z "" ]; then
>         kill -9 
>     fi
]0;smartai@LTSR005: ~smartai@LTSR005:~$     exit
注销
    if [ ! -z "5094" ]; then
        kill -9 5094
    fi
    exit
Welcome to Ubuntu 16.04.2 LTS (GNU/Linux 4.8.0-36-generic x86_64)

 * Documentation:  https://help.ubuntu.com
 * Management:     https://landscape.canonical.com
 * Support:        https://ubuntu.com/advantage

678 个可升级软件包。
454 个安全更新。

New release '18.04.2 LTS' available.
Run 'do-release-upgrade' to upgrade to it.

Last login: Tue Oct 15 10:12:20 2019 from 192.168.0.1
]0;smartai@LTSR006: ~smartai@LTSR006:~$     if [ ! -z "5094" ]; then
>         kill -9 5094
>     fi
]0;smartai@LTSR006: ~smartai@LTSR006:~$     exit
注销
Welcome to Ubuntu 16.04.2 LTS (GNU/Linux 4.8.0-36-generic x86_64)

 * Documentation:  https://help.ubuntu.com
 * Management:     https://landscape.canonical.com
 * Support:        https://ubuntu.com/advantage

678 个可升级软件包。
454 个安全更新。

New release '18.04.2 LTS' available.
Run 'do-release-upgrade' to upgrade to it.

Last login: Tue Oct 15 10:12:20 2019 from 192.168.0.1
    if [ ! -z "5143" ]; then
        kill -9 5143
    fi
    exit
]0;smartai@LTSR007: ~smartai@LTSR007:~$     if [ ! -z "5143" ]; then
>         kill -9 5143
>     fi
]0;smartai@LTSR007: ~smartai@LTSR007:~$     exit
注销
Welcome to Ubuntu 16.04.2 LTS (GNU/Linux 4.8.0-36-generic x86_64)

 * Documentation:  https://help.ubuntu.com
 * Management:     https://landscape.canonical.com
 * Support:        https://ubuntu.com/advantage

678 个可升级软件包。
0 个安全更新。

New release '18.04.2 LTS' available.
Run 'do-release-upgrade' to upgrade to it.

Last login: Tue Oct 15 10:41:50 2019 from 192.168.0.1
    if [ ! -z "" ]; then
        kill -9 
    fi
    exit
]0;smartai@LTSR005: ~smartai@LTSR005:~$     if [ ! -z "" ]; then
>         kill -9 
>     fi
]0;smartai@LTSR005: ~smartai@LTSR005:~$     exit
注销
Welcome to Ubuntu 16.04.2 LTS (GNU/Linux 4.8.0-36-generic x86_64)

 * Documentation:  https://help.ubuntu.com
 * Management:     https://landscape.canonical.com
 * Support:        https://ubuntu.com/advantage

678 个可升级软件包。
454 个安全更新。

New release '18.04.2 LTS' available.
Run 'do-release-upgrade' to upgrade to it.

Last login: Tue Oct 15 10:41:51 2019 from 192.168.0.1
    if [ ! -z "" ]; then
        kill -9 
    fi
    exit
]0;smartai@LTSR006: ~smartai@LTSR006:~$     if [ ! -z "" ]; then
>         kill -9 
>     fi
]0;smartai@LTSR006: ~smartai@LTSR006:~$     exit
注销
    if [ ! -z "" ]; then
        kill -9 
    fi
    exit
Welcome to Ubuntu 16.04.2 LTS (GNU/Linux 4.8.0-36-generic x86_64)

 * Documentation:  https://help.ubuntu.com
 * Management:     https://landscape.canonical.com
 * Support:        https://ubuntu.com/advantage

678 个可升级软件包。
454 个安全更新。

New release '18.04.2 LTS' available.
Run 'do-release-upgrade' to upgrade to it.

Last login: Tue Oct 15 10:41:52 2019 from 192.168.0.1
]0;smartai@LTSR007: ~smartai@LTSR007:~$     if [ ! -z "" ]; then
>         kill -9 
>     fi
]0;smartai@LTSR007: ~smartai@LTSR007:~$     exit
注销
Welcome to Ubuntu 16.04.2 LTS (GNU/Linux 4.8.0-36-generic x86_64)

 * Documentation:  https://help.ubuntu.com
 * Management:     https://landscape.canonical.com
 * Support:        https://ubuntu.com/advantage

678 个可升级软件包。
0 个安全更新。

New release '18.04.2 LTS' available.
Run 'do-release-upgrade' to upgrade to it.

Last login: Tue Oct 15 10:41:53 2019 from 192.168.0.1
    if [ ! -z "" ]; then
        kill -9 
    fi
    exit
]0;smartai@LTSR005: ~smartai@LTSR005:~$     if [ ! -z "" ]; then
>         kill -9 
>     fi
]0;smartai@LTSR005: ~smartai@LTSR005:~$     exit
注销
Welcome to Ubuntu 16.04.2 LTS (GNU/Linux 4.8.0-36-generic x86_64)

 * Documentation:  https://help.ubuntu.com
 * Management:     https://landscape.canonical.com
 * Support:        https://ubuntu.com/advantage

678 个可升级软件包。
454 个安全更新。

New release '18.04.2 LTS' available.
Run 'do-release-upgrade' to upgrade to it.

Last login: Tue Oct 15 10:41:54 2019 from 192.168.0.1
    if [ ! -z "7108" ]; then
        kill -9 7108
    fi
    exit
]0;smartai@LTSR006: ~smartai@LTSR006:~$     if [ ! -z "7108" ]; then
>         kill -9 7108
>     fi
]0;smartai@LTSR006: ~smartai@LTSR006:~$     exit
注销
    if [ ! -z "7110" ]; then
        kill -9 7110
    fi
    exit
Welcome to Ubuntu 16.04.2 LTS (GNU/Linux 4.8.0-36-generic x86_64)

 * Documentation:  https://help.ubuntu.com
 * Management:     https://landscape.canonical.com
 * Support:        https://ubuntu.com/advantage

678 个可升级软件包。
454 个安全更新。

New release '18.04.2 LTS' available.
Run 'do-release-upgrade' to upgrade to it.

Last login: Tue Oct 15 10:41:55 2019 from 192.168.0.1
]0;smartai@LTSR007: ~smartai@LTSR007:~$     if [ ! -z "7110" ]; then
>         kill -9 7110
>     fi
]0;smartai@LTSR007: ~smartai@LTSR007:~$     exit
注销
Welcome to Ubuntu 16.04.2 LTS (GNU/Linux 4.8.0-36-generic x86_64)    if [ ! -z "" ]; then
        kill -9 
    fi
    exit


 * Documentation:  https://help.ubuntu.com
 * Management:     https://landscape.canonical.com
 * Support:        https://ubuntu.com/advantage

678 个可升级软件包。
0 个安全更新。

New release '18.04.2 LTS' available.
Run 'do-release-upgrade' to upgrade to it.

Last login: Tue Oct 15 10:47:13 2019 from 192.168.0.1
]0;smartai@LTSR005: ~smartai@LTSR005:~$     if [ ! -z "" ]; then
>         kill -9 
>     fi
]0;smartai@LTSR005: ~smartai@LTSR005:~$     exit
注销
    if [ ! -z "" ]; then
        kill -9 
    fi
    exit
Welcome to Ubuntu 16.04.2 LTS (GNU/Linux 4.8.0-36-generic x86_64)

 * Documentation:  https://help.ubuntu.com
 * Management:     https://landscape.canonical.com
 * Support:        https://ubuntu.com/advantage

678 个可升级软件包。
454 个安全更新。

New release '18.04.2 LTS' available.
Run 'do-release-upgrade' to upgrade to it.

Last login: Tue Oct 15 10:47:14 2019 from 192.168.0.1
]0;smartai@LTSR006: ~smartai@LTSR006:~$     if [ ! -z "" ]; then
>         kill -9 
>     fi
]0;smartai@LTSR006: ~smartai@LTSR006:~$     exit
注销
Welcome to Ubuntu 16.04.2 LTS (GNU/Linux 4.8.0-36-generic x86_64)

 * Documentation:  https://help.ubuntu.com
 * Management:     https://landscape.canonical.com
 * Support:        https://ubuntu.com/advantage

678 个可升级软件包。
454 个安全更新。

New release '18.04.2 LTS' available.
Run 'do-release-upgrade' to upgrade to it.

Last login: Tue Oct 15 10:47:15 2019 from 192.168.0.1
    if [ ! -z "" ]; then
        kill -9 
    fi
    exit
]0;smartai@LTSR007: ~smartai@LTSR007:~$     if [ ! -z "" ]; then
>         kill -9 
>     fi
]0;smartai@LTSR007: ~smartai@LTSR007:~$     exit
注销
